[Licensing::Module] Trying to connect to existing licensing client channel...
Built from '6000.0/staging' branch; Version is '6000.0.78f1 (ec8a99a872be) revision 15501977'; Using compiler version '193933523'; Build Type 'Release'
OS: 'Windows 10  (10.0.19045) 64bit Core' Language: 'en' Physical Memory: 16331 MB
[Licensing::IpcConnector] Successfully connected to: "LicenseClient-user" at "2026-07-06T06:01:47.7422243Z"
BatchMode: 1, IsHumanControllingUs: 0, StartBugReporterOnCrash: 0, Is64bit: 1
System  architecture: x64
Process architecture: x64
Date: 2026-07-06T06:01:47Z

COMMAND LINE ARGUMENTS:
E:\Unity\6000.0.78f1\Editor\Unity.exe
-adb2
-batchMode
-noUpm
-name
AssetImportWorker0
-projectPath
E:/GitHub/GMG-Unity-2025
-logFile
Logs/AssetImportWorker0.log
-srvPort
54471
-licensingIpc
LicenseClient-user
-job-worker-count
7
-background-job-worker-count
8
-gc-helper-count
1
-name
AssetImport
Successfully changed project path to: E:/GitHub/GMG-Unity-2025
E:/GitHub/GMG-Unity-2025
[UnityMemory] Configuration Parameters - Can be set up in boot.config
    "memorysetup-bucket-allocator-granularity=16"
    "memorysetup-bucket-allocator-bucket-count=8"
    "memorysetup-bucket-allocator-block-size=33554432"
    "memorysetup-bucket-allocator-block-count=8"
    "memorysetup-main-allocator-block-size=16777216"
    "memorysetup-thread-allocator-block-size=16777216"
    "memorysetup-gfx-main-allocator-block-size=16777216"
    "memorysetup-gfx-thread-allocator-block-size=16777216"
    "memorysetup-cache-allocator-block-size=4194304"
    "memorysetup-typetree-allocator-block-size=2097152"
    "memorysetup-profiler-bucket-allocator-granularity=16"
    "memorysetup-profiler-bucket-allocator-bucket-count=8"
    "memorysetup-profiler-bucket-allocator-block-size=33554432"
    "memorysetup-profiler-bucket-allocator-block-count=8"
    "memorysetup-profiler-allocator-block-size=16777216"
    "memorysetup-profiler-editor-allocator-block-size=1048576"
    "memorysetup-temp-allocator-size-main=16777216"
    "memorysetup-job-temp-allocator-block-size=2097152"
    "memorysetup-job-temp-allocator-block-size-background=1048576"
    "memorysetup-job-temp-allocator-reduction-small-platforms=262144"
    "memorysetup-allocator-temp-initial-block-size-main=262144"
    "memorysetup-allocator-temp-initial-block-size-worker=262144"
    "memorysetup-temp-allocator-size-background-worker=32768"
    "memorysetup-temp-allocator-size-job-worker=262144"
    "memorysetup-temp-allocator-size-preload-manager=33554432"
    "memorysetup-temp-allocator-size-nav-mesh-worker=65536"
    "memorysetup-temp-allocator-size-audio-worker=65536"
    "memorysetup-temp-allocator-size-cloud-worker=32768"
    "memorysetup-temp-allocator-size-gi-baking-worker=262144"
    "memorysetup-temp-allocator-size-gi-baking-worker=262144"
    "memorysetup-temp-allocator-size-gi-baking-worker=262144"
    "memorysetup-temp-allocator-size-gi-baking-worker=262144"
    "memorysetup-temp-allocator-size-gi-baking-worker=262144"
    "memorysetup-temp-allocator-size-gfx=262144"
Player connection [3700]  Target information:

Player connection [3700]  * "[IP] 192.168.1.160 [Port] 0 [Flags] 2 [Guid] 666378100 [EditorId] 666378100 [Version] 1048832 [Id] WindowsEditor(7,DESKTOP-42RT2RV) [Debug] 1 [PackageName] WindowsEditor [ProjectName] Editor" 

Player connection [3700] Host joined multi-casting on [225.0.0.222:54997]...
Player connection [3700] Host joined alternative multi-casting on [225.0.0.222:34997]...
JobSystem: Creating JobQueue using job-worker-count value 7
Input System module state changed to: Initialized.
[Physics::Module] Initialized fallback backend.
[Physics::Module] Id: 0xdecafbad
Library Redirect Path: Library/
[Physics::Module] Selected backend.
[Physics::Module] Name: PhysX
[Physics::Module] Id: 0xf2b8ea05
[Physics::Module] SDK Version: 4.1.2
[Physics::Module] Integration Version: 1.0.0
[Physics::Module] Threading Mode: Multi-Threaded
[Licensing::Client] Error: HandshakeResponse reported an error:
	ResponseCode: 505
	ResponseStatus: Unsupported protocol version '1.17.4'.
[Licensing::Module] Error: Failed to handshake to channel: "LicenseClient-user"
[Licensing::IpcConnector] LicenseClient-user channel disconnected successfully.
[Licensing::IpcConnector] Successfully connected to: "LicenseClient-user-6000.0.78" at "2026-07-06T06:01:48.8230745Z"
[Licensing::Client] Code 10 while verifying Licensing Client signature (process Id: 25544, path: "E:/Unity/6000.0.78f1/Editor/Data/Resources/Licensing/Client/Unity.Licensing.Client.exe")
[Licensing::Module] LicensingClient has failed validation; ignoring
[Licensing::Client] Handshaking with LicensingClient:
  Version:                 1.17.4+4293ba1
  Session Id:              148f54c7aaf045869c0532a07c4ecc2e
  Correlation Id:          42430047e5997940a58438ee531c9125
  External correlation Id: 1451763795694478709
  Machine Id:              tAoI4p3O0eYcqy6V/xIINk4shng=
[Licensing::Module] Successfully connected to LicensingClient on channel: "LicenseClient-user-6000.0.78" (connect: 0.00s, validation: 0.00s, handshake: 0.11s)
[Licensing::IpcConnector] Successfully connected to: "LicenseClient-user-6000.0.78-notifications" at "2026-07-06T06:01:48.9319148Z"
[Licensing::Module] Licensing Background thread has ended after 1.19s
Refreshing native plugins compatible for Editor in 583.69 ms, found 4 plugins.
Preloading 0 native plugins for Editor in 0.00 ms.
Initialize engine version: 6000.0.78f1 (ec8a99a872be)
[Subsystems] Discovering subsystems at path E:/Unity/6000.0.78f1/Editor/Data/Resources/UnitySubsystems
[Subsystems] Discovering subsystems at path E:/GitHub/GMG-Unity-2025/Assets
GfxDevice: creating device client; kGfxThreadingModeNonThreaded
Direct3D:
    Version:  Direct3D 11.0 [level 11.1]
    Renderer: Radeon RX Vega (ID=0x687f)
    Vendor:   ATI
    VRAM:     12022 MB
    Driver:   31.0.21923.11000
Initialize mono
Mono path[0] = 'E:/Unity/6000.0.78f1/Editor/Data/Managed'
Mono path[1] = 'E:/Unity/6000.0.78f1/Editor/Data/MonoBleedingEdge/lib/mono/unityjit-win32'
Mono config path = 'E:/Unity/6000.0.78f1/Editor/Data/MonoBleedingEdge/etc'
Using monoOptions --debugger-agent=transport=dt_socket,embedding=1,server=y,suspend=n,address=127.0.0.1:56576
Begin MonoManager ReloadAssembly
Registering precompiled unity dll's ...
Register platform support module: E:/Unity/6000.0.78f1/Editor/Data/PlaybackEngines/WindowsStandaloneSupport/UnityEditor.WindowsStandalone.Extensions.dll
Registered in 0.012014 seconds.
- Loaded All Assemblies, in  1.171 seconds
Native extension for WindowsStandalone target not found
Package Manager log level set to [2]
[Package Manager] Failed to launch server process. Reason: Unity was launched with the -noUpm command-line argument
[Package Manager] Unable to send message (not connected to server process).
[Package Manager] Cannot connect to Unity Package Manager local server
Mono: successfully reloaded assembly
- Finished resetting the current domain, in  0.493 seconds
Domain Reload Profiling: 1664ms
	BeginReloadAssembly (648ms)
		ExecutionOrderSort (0ms)
		DisableScriptedObjects (0ms)
		BackupInstance (0ms)
		ReleaseScriptingObjects (0ms)
		CreateAndSetChildDomain (1ms)
	RebuildCommonClasses (130ms)
	RebuildNativeTypeToScriptingClass (15ms)
	initialDomainReloadingComplete (110ms)
	LoadAllAssembliesAndSetupDomain (267ms)
		LoadAssemblies (645ms)
		RebuildTransferFunctionScriptingTraits (0ms)
		AnalyzeDomain (262ms)
			TypeCache.Refresh (261ms)
				TypeCache.ScanAssembly (227ms)
			BuildScriptInfoCaches (0ms)
			ResolveRequiredComponents (0ms)
	FinalizeReload (494ms)
		ReleaseScriptCaches (0ms)
		RebuildScriptCaches (0ms)
		SetupLoadedEditorAssemblies (447ms)
			LogAssemblyErrors (0ms)
			InitializePlatformSupportModulesInManaged (30ms)
			SetLoadedEditorAssemblies (5ms)
			BeforeProcessingInitializeOnLoad (98ms)
			ProcessInitializeOnLoadAttributes (233ms)
			ProcessInitializeOnLoadMethodAttributes (82ms)
			AfterProcessingInitializeOnLoad (0ms)
			EditorAssembliesLoaded (0ms)
		ExecutionOrderSort2 (0ms)
		AwakeInstancesAfterBackupRestoration (0ms)
Assembly reference Packages/com.unity.cinemachine/Editor/Samples/ExposeHDRPInternals/HDRP-Editor-ref.asmref has no target assembly definition
========================================================================
Worker process is ready to serve import requests
Import Worker Mode flag is 0x00
Assembly reference Packages/com.unity.cinemachine/Editor/Samples/ExposeHDRPInternals/HDRP-Editor-ref.asmref has no target assembly definition
Assembly reference Packages/com.unity.cinemachine/Editor/Samples/ExposeHDRPInternals/HDRP-Editor-ref.asmref has no target assembly definition
Begin MonoManager ReloadAssembly
[Licensing::Client] Successfully resolved entitlement details
[Licensing::Module] License group:
  Id: F4-E7FU-F4AU-ZH2W-76HR-XXXX
  Product: Unity Personal
  Type: ULF
  Expiration: Unlimited
[Licensing::Module] License group:
  Id: 2474306982947-UnityPersXXXX
  Product: Unity Personal
  Type: Assigned
  Expiration: Unlimited
- Loaded All Assemblies, in  3.362 seconds
Assembly reference Packages/com.unity.cinemachine/Editor/Samples/ExposeHDRPInternals/HDRP-Editor-ref.asmref has no target assembly definition
'Packages/com.unity.cinemachine/Editor/Obsolete/CinemachineVirtualCameraBaseEditor.cs' contains partial class of Unity.Object, exactly 1 of the partial classes needs to be in a file with the same filename. This is to know the one that can be referenced from ie. GameObjects
'Packages/com.unity.cinemachine/Editor/Editors/CinemachineVirtualCameraBaseEditor.cs' contains partial class of Unity.Object, exactly 1 of the partial classes needs to be in a file with the same filename. This is to know the one that can be referenced from ie. GameObjects
Refreshing native plugins compatible for Editor in 102.18 ms, found 4 plugins.
Native extension for WindowsStandalone target not found
Assembly reference Packages/com.unity.cinemachine/Editor/Samples/ExposeHDRPInternals/HDRP-Editor-ref.asmref has no target assembly definition
[Package Manager] Failed to launch server process. Reason: Unity was launched with the -noUpm command-line argument
[Package Manager] Unable to send message (not connected to server process).
[Package Manager] Cannot connect to Unity Package Manager local server
[Package Manager] Failed to launch server process. Reason: Unity was launched with the -noUpm command-line argument
[Package Manager] Unable to send message (not connected to server process).
[Package Manager] Cannot connect to Unity Package Manager local server
Refreshing native plugins compatible for Editor in 3.30 ms, found 4 plugins.
Mono: successfully reloaded assembly
- Finished resetting the current domain, in  1.448 seconds
Domain Reload Profiling: 4806ms
	BeginReloadAssembly (290ms)
		ExecutionOrderSort (0ms)
		DisableScriptedObjects (8ms)
		BackupInstance (0ms)
		ReleaseScriptingObjects (0ms)
		CreateAndSetChildDomain (59ms)
	RebuildCommonClasses (46ms)
	RebuildNativeTypeToScriptingClass (15ms)
	initialDomainReloadingComplete (44ms)
	LoadAllAssembliesAndSetupDomain (2963ms)
		LoadAssemblies (2716ms)
		RebuildTransferFunctionScriptingTraits (0ms)
		AnalyzeDomain (415ms)
			TypeCache.Refresh (353ms)
				TypeCache.ScanAssembly (314ms)
			BuildScriptInfoCaches (47ms)
			ResolveRequiredComponents (11ms)
	FinalizeReload (1448ms)
		ReleaseScriptCaches (0ms)
		RebuildScriptCaches (0ms)
		SetupLoadedEditorAssemblies (1294ms)
			LogAssemblyErrors (0ms)
			InitializePlatformSupportModulesInManaged (3ms)
			SetLoadedEditorAssemblies (4ms)
			BeforeProcessingInitializeOnLoad (132ms)
			ProcessInitializeOnLoadAttributes (1101ms)
			ProcessInitializeOnLoadMethodAttributes (52ms)
			AfterProcessingInitializeOnLoad (3ms)
			EditorAssembliesLoaded (0ms)
		ExecutionOrderSort2 (0ms)
		AwakeInstancesAfterBackupRestoration (7ms)
Launched and connected shader compiler UnityShaderCompiler.exe after 0.15 seconds
Refreshing native plugins compatible for Editor in 2.71 ms, found 4 plugins.
Preloading 0 native plugins for Editor in 0.00 ms.
Unloading 1 Unused Serialized files (Serialized files now loaded: 0)
Unloading 3486 unused Assets / (0.9 MB). Loaded Objects now: 3974.
Memory consumption went from 83.5 MB to 82.6 MB.
Total: 6.964900 ms (FindLiveObjects: 0.521300 ms CreateObjectMapping: 0.180400 ms MarkObjects: 5.167800 ms  DeleteObjects: 1.094300 ms)

========================================================================
Received Import Request.
  Time since last request: 49804.239026 seconds.
  path: Assets/Scenes/Example Level 2.unity
  artifactKey: Guid(0aa584be67dc64544b3bd2e19bbc2a76) Importer(815301076,1909f56bfc062723c751e8b465ee728b)
Start importing Assets/Scenes/Example Level 2.unity using Guid(0aa584be67dc64544b3bd2e19bbc2a76) Importer(815301076,1909f56bfc062723c751e8b465ee728b) (PreviewImporter) -> (artifact id: 'c34933f514878d07202c930c13b695f8') in 0.07861 seconds
Number of updated asset objects reloaded before import = 0Number of asset objects unloaded after import = 0

========================================================================
Received Import Request.
  Time since last request: 0.000035 seconds.
  path: Assets/Scenes/Scene1.unity
  artifactKey: Guid(458a8482c4f17944e934ebddd36f262a) Importer(815301076,1909f56bfc062723c751e8b465ee728b)
Start importing Assets/Scenes/Scene1.unity using Guid(458a8482c4f17944e934ebddd36f262a) Importer(815301076,1909f56bfc062723c751e8b465ee728b) (PreviewImporter) -> (artifact id: 'f412cbaca4ea4a423dc087db64767c42') in 0.0909536 seconds
Number of updated asset objects reloaded before import = 0Number of asset objects unloaded after import = 0

========================================================================
Received Import Request.
  Time since last request: 0.800346 seconds.
  path: Assets/Scenes/Scene1.unity
  artifactKey: Guid(458a8482c4f17944e934ebddd36f262a) Importer(2089858483,192608db42251d675da83286b1cce702)
Start importing Assets/Scenes/Scene1.unity using Guid(458a8482c4f17944e934ebddd36f262a) Importer(2089858483,192608db42251d675da83286b1cce702) (ScriptedImporter) -> (artifact id: '33c8a40344ee6613c1335e3a4e8efe25') in 0.1392076 seconds
Number of updated asset objects reloaded before import = 0Number of asset objects unloaded after import = 1

========================================================================
Received Import Request.
  Time since last request: 0.000042 seconds.
  path: Assets/Unity Scripts/Conditions
  artifactKey: Guid(c31de4026c5f8e74ca51203f37324249) Importer(2089858483,192608db42251d675da83286b1cce702)
Start importing Assets/Unity Scripts/Conditions using Guid(c31de4026c5f8e74ca51203f37324249) Importer(2089858483,192608db42251d675da83286b1cce702) (ScriptedImporter) -> (artifact id: '7d8e9ebd26021fc02c0f51ff286501c8') in 0.0916313 seconds
Number of updated asset objects reloaded before import = 0Number of asset objects unloaded after import = 1

========================================================================
Received Import Request.
  Time since last request: 0.000040 seconds.
  path: Assets/_INTERNAL_/Scripts/Editor/Movement
  artifactKey: Guid(cad22f8de9ca9461a998bd87d31440fa) Importer(2089858483,192608db42251d675da83286b1cce702)
Start importing Assets/_INTERNAL_/Scripts/Editor/Movement using Guid(cad22f8de9ca9461a998bd87d31440fa) Importer(2089858483,192608db42251d675da83286b1cce702) (ScriptedImporter) -> (artifact id: '05f89b6428419d510f5bbb38da684339') in 0.0101412 seconds
Number of updated asset objects reloaded before import = 0Number of asset objects unloaded after import = 1

========================================================================
Received Import Request.
  Time since last request: 0.000059 seconds.
  path: Assets/Art/Sidescroller/Players/Kitty/Kitty Animations
  artifactKey: Guid(2dc56d53e2a3cef4f818136cf87ab7fa) Importer(2089858483,192608db42251d675da83286b1cce702)
Start importing Assets/Art/Sidescroller/Players/Kitty/Kitty Animations using Guid(2dc56d53e2a3cef4f818136cf87ab7fa) Importer(2089858483,192608db42251d675da83286b1cce702) (ScriptedImporter) -> (artifact id: '16d2a4864c255d0c7d8c6978e9b5ebb4') in 0.0114846 seconds
Number of updated asset objects reloaded before import = 0Number of asset objects unloaded after import = 1

========================================================================
Received Import Request.
  Time since last request: 0.000773 seconds.
  path: Assets/Unity Scripts
  artifactKey: Guid(262fb95924ab0d341af8534262a139c7) Importer(2089858483,192608db42251d675da83286b1cce702)
Start importing Assets/Unity Scripts using Guid(262fb95924ab0d341af8534262a139c7) Importer(2089858483,192608db42251d675da83286b1cce702) (ScriptedImporter) -> (artifact id: '1c34853a67b20a49389644b9cb445f3d') in 0.0469429 seconds
Number of updated asset objects reloaded before import = 0Number of asset objects unloaded after import = 1

========================================================================
Received Import Request.
  Time since last request: 0.000069 seconds.
  path: Assets/_INTERNAL_/Font
  artifactKey: Guid(307a4c6368a6649a0a072b1eab70885c) Importer(2089858483,192608db42251d675da83286b1cce702)
Start importing Assets/_INTERNAL_/Font using Guid(307a4c6368a6649a0a072b1eab70885c) Importer(2089858483,192608db42251d675da83286b1cce702) (ScriptedImporter) -> (artifact id: 'a8550da39e008b845137a79d9efad5db') in 0.01823 seconds
Number of updated asset objects reloaded before import = 0Number of asset objects unloaded after import = 1

========================================================================
Received Import Request.
  Time since last request: 0.000066 seconds.
  path: Assets/Art/Sidescroller/Players/Blub Blub/Art
  artifactKey: Guid(3c572f44740996e409687921f0e67839) Importer(2089858483,192608db42251d675da83286b1cce702)
Start importing Assets/Art/Sidescroller/Players/Blub Blub/Art using Guid(3c572f44740996e409687921f0e67839) Importer(2089858483,192608db42251d675da83286b1cce702) (ScriptedImporter) -> (artifact id: '7513d47ba8837f7ae743241331b4f438') in 0.0150598 seconds
Number of updated asset objects reloaded before import = 0Number of asset objects unloaded after import = 1

========================================================================
Received Import Request.
  Time since last request: 0.000065 seconds.
  path: Assets/GMG Scripts/Pet
  artifactKey: Guid(d1fa7b0d53aee274088864a527d26729) Importer(2089858483,192608db42251d675da83286b1cce702)
Start importing Assets/GMG Scripts/Pet using Guid(d1fa7b0d53aee274088864a527d26729) Importer(2089858483,192608db42251d675da83286b1cce702) (ScriptedImporter) -> (artifact id: '22025e7936b5deaa7dbd2725b33b4c4b') in 0.0126717 seconds
Number of updated asset objects reloaded before import = 0Number of asset objects unloaded after import = 1

========================================================================
Received Import Request.
  Time since last request: 0.000058 seconds.
  path: Assets/Art/TopDown/Players/queen
  artifactKey: Guid(4ea33065652144c4baf929da05a5fd4a) Importer(2089858483,192608db42251d675da83286b1cce702)
Start importing Assets/Art/TopDown/Players/queen using Guid(4ea33065652144c4baf929da05a5fd4a) Importer(2089858483,192608db42251d675da83286b1cce702) (ScriptedImporter) -> (artifact id: 'c8e1401a08092b720419a60562cb9e3d') in 0.0115727 seconds
Number of updated asset objects reloaded before import = 0Number of asset objects unloaded after import = 1

========================================================================
Received Import Request.
  Time since last request: 0.000205 seconds.
  path: Assets/Resources
  artifactKey: Guid(374b25670c8c57c409badc2876b350ab) Importer(2089858483,192608db42251d675da83286b1cce702)
Start importing Assets/Resources using Guid(374b25670c8c57c409badc2876b350ab) Importer(2089858483,192608db42251d675da83286b1cce702) (ScriptedImporter) -> (artifact id: 'd153ade96ba01f723c4df650a2cfd614') in 0.0160691 seconds
Number of updated asset objects reloaded before import = 0Number of asset objects unloaded after import = 1

========================================================================
Received Import Request.
  Time since last request: 0.000089 seconds.
  path: Assets/Art/Sidescroller/Players/Pixel Adventure Players
  artifactKey: Guid(c674b6697fb2a834d9379dc2411ddde1) Importer(2089858483,192608db42251d675da83286b1cce702)
Start importing Assets/Art/Sidescroller/Players/Pixel Adventure Players using Guid(c674b6697fb2a834d9379dc2411ddde1) Importer(2089858483,192608db42251d675da83286b1cce702) (ScriptedImporter) -> (artifact id: '8c95465903bb90c65870f8b141ece239') in 0.0126017 seconds
Number of updated asset objects reloaded before import = 0Number of asset objects unloaded after import = 1

========================================================================
Received Import Request.
  Time since last request: 0.000087 seconds.
  path: Assets/_INTERNAL_
  artifactKey: Guid(3e6b297f804820147b40af82e7694102) Importer(2089858483,192608db42251d675da83286b1cce702)
Start importing Assets/_INTERNAL_ using Guid(3e6b297f804820147b40af82e7694102) Importer(2089858483,192608db42251d675da83286b1cce702) (ScriptedImporter) -> (artifact id: '789713eb7b638ca00c7fbf46ff262bd2') in 0.0210376 seconds
Number of updated asset objects reloaded before import = 0Number of asset objects unloaded after import = 1

========================================================================
Received Import Request.
  Time since last request: 0.000079 seconds.
  path: Assets/Art/Sidescroller/Enemies/Pixel Adventure
  artifactKey: Guid(6b3daf42c859e8743be99af769ec6005) Importer(2089858483,192608db42251d675da83286b1cce702)
Start importing Assets/Art/Sidescroller/Enemies/Pixel Adventure using Guid(6b3daf42c859e8743be99af769ec6005) Importer(2089858483,192608db42251d675da83286b1cce702) (ScriptedImporter) -> (artifact id: '0245c0001d3cc46db094b5ed680b35de') in 0.0108654 seconds
Number of updated asset objects reloaded before import = 0Number of asset objects unloaded after import = 1

========================================================================
Received Import Request.
  Time since last request: 0.000074 seconds.
  path: Assets/Art/TopDown/Enemies/skeleton
  artifactKey: Guid(c4a945a72d6af0c4681a4efde67d5e2f) Importer(2089858483,192608db42251d675da83286b1cce702)
Start importing Assets/Art/TopDown/Enemies/skeleton using Guid(c4a945a72d6af0c4681a4efde67d5e2f) Importer(2089858483,192608db42251d675da83286b1cce702) (ScriptedImporter) -> (artifact id: '408b430518d977c2cb197058192899a9') in 0.0102983 seconds
Number of updated asset objects reloaded before import = 0Number of asset objects unloaded after import = 1

========================================================================
Received Import Request.
  Time since last request: 0.000064 seconds.
  path: Assets/GMG Scripts/Spawn
  artifactKey: Guid(3e8fa3f1059f6514ab45358abc1da8e2) Importer(2089858483,192608db42251d675da83286b1cce702)
Start importing Assets/GMG Scripts/Spawn using Guid(3e8fa3f1059f6514ab45358abc1da8e2) Importer(2089858483,192608db42251d675da83286b1cce702) (ScriptedImporter) -> (artifact id: '99698fa9ee87c1f5b6bbb52617670d09') in 0.0124351 seconds
Number of updated asset objects reloaded before import = 0Number of asset objects unloaded after import = 1

========================================================================
Received Import Request.
  Time since last request: 0.000035 seconds.
  path: Assets/_INTERNAL_/Scripts/Editor
  artifactKey: Guid(ddc2837ab211a44b6821ef21ac618412) Importer(2089858483,192608db42251d675da83286b1cce702)
Start importing Assets/_INTERNAL_/Scripts/Editor using Guid(ddc2837ab211a44b6821ef21ac618412) Importer(2089858483,192608db42251d675da83286b1cce702) (ScriptedImporter) -> (artifact id: '4efbdaeaa9cf16f283516a3c8b7d452a') in 0.0110485 seconds
Number of updated asset objects reloaded before import = 0Number of asset objects unloaded after import = 1

========================================================================
Received Import Request.
  Time since last request: 0.001483 seconds.
  path: Assets/_INTERNAL_/Scripts/Editor/Conditions
  artifactKey: Guid(544c5bbf7a1f84177ade36b438ebe843) Importer(2089858483,192608db42251d675da83286b1cce702)
Start importing Assets/_INTERNAL_/Scripts/Editor/Conditions using Guid(544c5bbf7a1f84177ade36b438ebe843) Importer(2089858483,192608db42251d675da83286b1cce702) (ScriptedImporter) -> (artifact id: '0f35df8b83803d79161f92749e545b18') in 0.0129999 seconds
Number of updated asset objects reloaded before import = 0Number of asset objects unloaded after import = 1

========================================================================
Received Import Request.
  Time since last request: 0.000111 seconds.
  path: Assets/_INTERNAL_/Scripts
  artifactKey: Guid(7de3316779c23479b9b0a901a419c4ea) Importer(2089858483,192608db42251d675da83286b1cce702)
Start importing Assets/_INTERNAL_/Scripts using Guid(7de3316779c23479b9b0a901a419c4ea) Importer(2089858483,192608db42251d675da83286b1cce702) (ScriptedImporter) -> (artifact id: '64ae2fbd6836d8d6b9928802485ea0ed') in 0.0125917 seconds
Number of updated asset objects reloaded before import = 0Number of asset objects unloaded after import = 1

========================================================================
Received Import Request.
  Time since last request: 0.000076 seconds.
  path: Assets/Art/Tilesets/TilesetArt
  artifactKey: Guid(4285ce5c918197e48959909f567cbce6) Importer(2089858483,192608db42251d675da83286b1cce702)
Start importing Assets/Art/Tilesets/TilesetArt using Guid(4285ce5c918197e48959909f567cbce6) Importer(2089858483,192608db42251d675da83286b1cce702) (ScriptedImporter) -> (artifact id: '60c6f2ac025377a4dff1f48c621e9049') in 0.0127931 seconds
Number of updated asset objects reloaded before import = 0Number of asset objects unloaded after import = 1

========================================================================
Received Import Request.
  Time since last request: 0.000068 seconds.
  path: Assets/Unity Scripts/Actions
  artifactKey: Guid(3ea45c065629f4bbba069312845c3da8) Importer(2089858483,192608db42251d675da83286b1cce702)
Start importing Assets/Unity Scripts/Actions using Guid(3ea45c065629f4bbba069312845c3da8) Importer(2089858483,192608db42251d675da83286b1cce702) (ScriptedImporter) -> (artifact id: '543a8afeedaa262282ef003e0e31473c') in 0.0442576 seconds
Number of updated asset objects reloaded before import = 0Number of asset objects unloaded after import = 1

========================================================================
Received Import Request.
  Time since last request: 0.000079 seconds.
  path: Assets/Audio
  artifactKey: Guid(e9c04ae604757004a83d2a9325829caf) Importer(2089858483,192608db42251d675da83286b1cce702)
Start importing Assets/Audio using Guid(e9c04ae604757004a83d2a9325829caf) Importer(2089858483,192608db42251d675da83286b1cce702) (ScriptedImporter) -> (artifact id: '1af9999a733044644ca665ca7d4a27c3') in 0.0113438 seconds
Number of updated asset objects reloaded before import = 0Number of asset objects unloaded after import = 1

========================================================================
Received Import Request.
  Time since last request: 0.000076 seconds.
  path: Assets/Art/TopDown/Enemies
  artifactKey: Guid(7d2ba193bd685ab4a8b710d76c108b67) Importer(2089858483,192608db42251d675da83286b1cce702)
Start importing Assets/Art/TopDown/Enemies using Guid(7d2ba193bd685ab4a8b710d76c108b67) Importer(2089858483,192608db42251d675da83286b1cce702) (ScriptedImporter) -> (artifact id: '5b536ca03604f361d96e4ec72156c381') in 0.0109213 seconds
Number of updated asset objects reloaded before import = 0Number of asset objects unloaded after import = 1

========================================================================
Received Import Request.
  Time since last request: 0.000026 seconds.
  path: Assets/_INTERNAL_/Scripts/Utilities
  artifactKey: Guid(b66bc6cccfe97436e9e2aa9a3177c216) Importer(2089858483,192608db42251d675da83286b1cce702)
Start importing Assets/_INTERNAL_/Scripts/Utilities using Guid(b66bc6cccfe97436e9e2aa9a3177c216) Importer(2089858483,192608db42251d675da83286b1cce702) (ScriptedImporter) -> (artifact id: '2cfe8e0b26b8204fbec52c8133673573') in 0.0112184 seconds
Number of updated asset objects reloaded before import = 0Number of asset objects unloaded after import = 1

========================================================================
Received Import Request.
  Time since last request: 0.000064 seconds.
  path: Assets/_INTERNAL_/Scripts/Editor/Conditions/Actions
  artifactKey: Guid(47fb58e4c4a1148d6afc559c46cd9a45) Importer(2089858483,192608db42251d675da83286b1cce702)
Start importing Assets/_INTERNAL_/Scripts/Editor/Conditions/Actions using Guid(47fb58e4c4a1148d6afc559c46cd9a45) Importer(2089858483,192608db42251d675da83286b1cce702) (ScriptedImporter) -> (artifact id: '3b20c52d00053a103f8f5ae2e04abfb4') in 0.0105631 seconds
Number of updated asset objects reloaded before import = 0Number of asset objects unloaded after import = 1

========================================================================
Received Import Request.
  Time since last request: 0.000045 seconds.
  path: Assets/Art/Dialogue
  artifactKey: Guid(9c38356f2118b0c4cb10533cc82e88b6) Importer(2089858483,192608db42251d675da83286b1cce702)
Start importing Assets/Art/Dialogue using Guid(9c38356f2118b0c4cb10533cc82e88b6) Importer(2089858483,192608db42251d675da83286b1cce702) (ScriptedImporter) -> (artifact id: '552c3be8ae4bc9ff86ceb2084514f0fb') in 0.0109148 seconds
Number of updated asset objects reloaded before import = 0Number of asset objects unloaded after import = 1

========================================================================
Received Import Request.
  Time since last request: 0.000054 seconds.
  path: Assets/Art/Square.png
  artifactKey: Guid(5860da9d544c6824c81d050497c16416) Importer(2089858483,192608db42251d675da83286b1cce702)
Start importing Assets/Art/Square.png using Guid(5860da9d544c6824c81d050497c16416) Importer(2089858483,192608db42251d675da83286b1cce702) (ScriptedImporter) -> (artifact id: '85a44663e1c322d0ea4860a55a10e608') in 0.4095301 seconds
Number of updated asset objects reloaded before import = 0Number of asset objects unloaded after import = 3

========================================================================
Received Import Request.
  Time since last request: 0.000021 seconds.
  path: Assets/GMG Scripts/GraphicalEffects
  artifactKey: Guid(d299a0796d9b9db4ca33e3e1491137c6) Importer(2089858483,192608db42251d675da83286b1cce702)
Start importing Assets/GMG Scripts/GraphicalEffects using Guid(d299a0796d9b9db4ca33e3e1491137c6) Importer(2089858483,192608db42251d675da83286b1cce702) (ScriptedImporter) -> (artifact id: '8e0c5adac0f15f58b2e8dfef76827a65') in 0.0591207 seconds
Number of updated asset objects reloaded before import = 0Number of asset objects unloaded after import = 1

========================================================================
Received Import Request.
  Time since last request: 0.000084 seconds.
  path: Assets/Unity Scripts/Gameplay
  artifactKey: Guid(f8f423cb20c9ab9479a5638b29487bbd) Importer(2089858483,192608db42251d675da83286b1cce702)
Start importing Assets/Unity Scripts/Gameplay using Guid(f8f423cb20c9ab9479a5638b29487bbd) Importer(2089858483,192608db42251d675da83286b1cce702) (ScriptedImporter) -> (artifact id: 'd6576b727224b367dd43b971c5dd606e') in 0.011762 seconds
Number of updated asset objects reloaded before import = 0Number of asset objects unloaded after import = 1

========================================================================
Received Import Request.
  Time since last request: 0.000059 seconds.
  path: Assets/Art
  artifactKey: Guid(5b024307d49bbbe43aac91f6d795b68a) Importer(2089858483,192608db42251d675da83286b1cce702)
Start importing Assets/Art using Guid(5b024307d49bbbe43aac91f6d795b68a) Importer(2089858483,192608db42251d675da83286b1cce702) (ScriptedImporter) -> (artifact id: '6136b58752edd68486eb61d4cbb27b51') in 0.0119265 seconds
Number of updated asset objects reloaded before import = 0Number of asset objects unloaded after import = 1

========================================================================
Received Import Request.
  Time since last request: 0.000041 seconds.
  path: Assets/_INTERNAL_/Resources/Meshes
  artifactKey: Guid(b3bb8db04ba1a4a258b6fdf289b9ac35) Importer(2089858483,192608db42251d675da83286b1cce702)
Start importing Assets/_INTERNAL_/Resources/Meshes using Guid(b3bb8db04ba1a4a258b6fdf289b9ac35) Importer(2089858483,192608db42251d675da83286b1cce702) (ScriptedImporter) -> (artifact id: 'bf9c9035edc165b335bfb23a8680f697') in 0.0115978 seconds
Number of updated asset objects reloaded before import = 0Number of asset objects unloaded after import = 1

========================================================================
Received Import Request.
  Time since last request: 0.000058 seconds.
  path: Assets/GMG Scripts/GameManager
  artifactKey: Guid(58796c8746ecfa245bf2a062d6571e45) Importer(2089858483,192608db42251d675da83286b1cce702)
Start importing Assets/GMG Scripts/GameManager using Guid(58796c8746ecfa245bf2a062d6571e45) Importer(2089858483,192608db42251d675da83286b1cce702) (ScriptedImporter) -> (artifact id: '134c10284a8cc6a7a6d33be6b7a6ae78') in 0.0134375 seconds
Number of updated asset objects reloaded before import = 0Number of asset objects unloaded after import = 1

========================================================================
Received Import Request.
  Time since last request: 0.000102 seconds.
  path: Assets/Art/TopDown
  artifactKey: Guid(bddf536a364b0b1479a868b9ea13ad96) Importer(2089858483,192608db42251d675da83286b1cce702)
Start importing Assets/Art/TopDown using Guid(bddf536a364b0b1479a868b9ea13ad96) Importer(2089858483,192608db42251d675da83286b1cce702) (ScriptedImporter) -> (artifact id: '7898ecfa5513bb1119808cf26697f6ea') in 0.0279961 seconds
Number of updated asset objects reloaded before import = 0Number of asset objects unloaded after import = 1

========================================================================
Received Import Request.
  Time since last request: 0.000615 seconds.
  path: Assets/Audio/Music
  artifactKey: Guid(ce11c9800e1400549910a83d6d4beccd) Importer(2089858483,192608db42251d675da83286b1cce702)
Start importing Assets/Audio/Music using Guid(ce11c9800e1400549910a83d6d4beccd) Importer(2089858483,192608db42251d675da83286b1cce702) (ScriptedImporter) -> (artifact id: '0b0f823f266e5a9a0380a47131fafaf5') in 0.038942 seconds
Number of updated asset objects reloaded before import = 0Number of asset objects unloaded after import = 1

========================================================================
Received Import Request.
  Time since last request: 0.000091 seconds.
  path: Assets/Art/Sidescroller/Players/Pixel Adventure Players/Mask Dude
  artifactKey: Guid(40248927e767fcc40acdf26796daffc0) Importer(2089858483,192608db42251d675da83286b1cce702)
Start importing Assets/Art/Sidescroller/Players/Pixel Adventure Players/Mask Dude using Guid(40248927e767fcc40acdf26796daffc0) Importer(2089858483,192608db42251d675da83286b1cce702) (ScriptedImporter) -> (artifact id: 'c457688188c02863c9d9057bc982fef5') in 0.0123864 seconds
Number of updated asset objects reloaded before import = 0Number of asset objects unloaded after import = 1

========================================================================
Received Import Request.
  Time since last request: 0.000076 seconds.
  path: Assets/Prefabs
  artifactKey: Guid(50e1793701d88004fa09fa283ea94928) Importer(2089858483,192608db42251d675da83286b1cce702)
Start importing Assets/Prefabs using Guid(50e1793701d88004fa09fa283ea94928) Importer(2089858483,192608db42251d675da83286b1cce702) (ScriptedImporter) -> (artifact id: 'bf5b61e5f5bd810fd4c5367bc50ebe7d') in 0.0112554 seconds
Number of updated asset objects reloaded before import = 0Number of asset objects unloaded after import = 1

========================================================================
Received Import Request.
  Time since last request: 8.769611 seconds.
  path: Assets/Scenes/Example B Level 1.unity
  artifactKey: Guid(458a8482c4f17944e934ebddd36f262a) Importer(815301076,1909f56bfc062723c751e8b465ee728b)
Start importing Assets/Scenes/Example B Level 1.unity using Guid(458a8482c4f17944e934ebddd36f262a) Importer(815301076,1909f56bfc062723c751e8b465ee728b) (PreviewImporter) -> (artifact id: '5f363a1321f4a523f4ed77e6842a3d34') in 0.0006931 seconds
Number of updated asset objects reloaded before import = 0Number of asset objects unloaded after import = 0

========================================================================
Received Import Request.
  Time since last request: 0.126281 seconds.
  path: Assets/Scenes/Example B Level 1.unity
  artifactKey: Guid(458a8482c4f17944e934ebddd36f262a) Importer(2089858483,192608db42251d675da83286b1cce702)
Start importing Assets/Scenes/Example B Level 1.unity using Guid(458a8482c4f17944e934ebddd36f262a) Importer(2089858483,192608db42251d675da83286b1cce702) (ScriptedImporter) -> (artifact id: 'd320f778f54289086a4c17c6984aa987') in 0.0520597 seconds
Number of updated asset objects reloaded before import = 0Number of asset objects unloaded after import = 1

========================================================================
Received Import Request.
  Time since last request: 0.290987 seconds.
  path: Assets/Scenes/Scene2.unity
  artifactKey: Guid(1bee03e6e6c9ced408a96aca40a91a65) Importer(815301076,1909f56bfc062723c751e8b465ee728b)
Start importing Assets/Scenes/Scene2.unity using Guid(1bee03e6e6c9ced408a96aca40a91a65) Importer(815301076,1909f56bfc062723c751e8b465ee728b) (PreviewImporter) -> (artifact id: '683571811a290d8356165b6b701634ae') in 0.0005982 seconds
Number of updated asset objects reloaded before import = 0Number of asset objects unloaded after import = 0

========================================================================
Received Import Request.
  Time since last request: 244.691777 seconds.
  path: Assets/Prefabs/fireball.prefab
  artifactKey: Guid(f6156e83b2154ce4f81ef7be2b0d38de) Importer(815301076,1909f56bfc062723c751e8b465ee728b)
Start importing Assets/Prefabs/fireball.prefab using Guid(f6156e83b2154ce4f81ef7be2b0d38de) Importer(815301076,1909f56bfc062723c751e8b465ee728b) (PreviewImporter) -> (artifact id: '9b6b9935dc9c682c82fa0839a4353bec') in 0.2764266 seconds
Number of updated asset objects reloaded before import = 0Number of asset objects unloaded after import = 10

========================================================================
Received Import Request.
  Time since last request: 0.000023 seconds.
  path: Assets/Prefabs/Spike Swing.prefab
  artifactKey: Guid(2a6ce554e23cef04687cd7373b60c489) Importer(815301076,1909f56bfc062723c751e8b465ee728b)
Start importing Assets/Prefabs/Spike Swing.prefab using Guid(2a6ce554e23cef04687cd7373b60c489) Importer(815301076,1909f56bfc062723c751e8b465ee728b) (PreviewImporter) -> (artifact id: '4f725f472543136bd7d942f59c664df7') in 0.0346107 seconds
Number of updated asset objects reloaded before import = 0Number of asset objects unloaded after import = 33

========================================================================
Received Import Request.
  Time since last request: 4.190522 seconds.
  path: Assets/Prefabs/Turn Combat/Enemy2.prefab
  artifactKey: Guid(6310743e6c454d2418237feb629bc7da) Importer(815301076,1909f56bfc062723c751e8b465ee728b)
Start importing Assets/Prefabs/Turn Combat/Enemy2.prefab using Guid(6310743e6c454d2418237feb629bc7da) Importer(815301076,1909f56bfc062723c751e8b465ee728b) (PreviewImporter) -> (artifact id: 'af926a60749cc5ece1f9d93b3a108f0b') in 0.190935 seconds
Number of updated asset objects reloaded before import = 0Number of asset objects unloaded after import = 40

========================================================================
Received Import Request.
  Time since last request: 0.000037 seconds.
  path: Assets/Prefabs/Turn Combat/TurnCombatPrefab.prefab
  artifactKey: Guid(2002a9f0b1732fe4e80b8c7ee2e62619) Importer(815301076,1909f56bfc062723c751e8b465ee728b)
Start importing Assets/Prefabs/Turn Combat/TurnCombatPrefab.prefab using Guid(2002a9f0b1732fe4e80b8c7ee2e62619) Importer(815301076,1909f56bfc062723c751e8b465ee728b) (PreviewImporter) -> (artifact id: '82f60f2614c7b5da29e48677e3f4751e') in 0.3120083 seconds
Number of updated asset objects reloaded before import = 0Number of asset objects unloaded after import = 535

========================================================================
Received Import Request.
  Time since last request: 0.000052 seconds.
  path: Assets/Prefabs/Turn Combat/Player2.prefab
  artifactKey: Guid(300f8c4498cc4e44ba0172f5276a5d19) Importer(815301076,1909f56bfc062723c751e8b465ee728b)
Start importing Assets/Prefabs/Turn Combat/Player2.prefab using Guid(300f8c4498cc4e44ba0172f5276a5d19) Importer(815301076,1909f56bfc062723c751e8b465ee728b) (PreviewImporter) -> (artifact id: 'b18038383b2f08dec84950384a533363') in 0.0512441 seconds
Number of updated asset objects reloaded before import = 0Number of asset objects unloaded after import = 38

Editor requested this worker to shutdown with reason: Scaling down because of idle timeout
AssetImportWorker is now disconnected from the server
Process exiting
Exiting without the bug reporter. Application will terminate with return code 0